// Vitest Snapshot v1, https://vitest.dev/guide/snapshot.html

exports[`renders ClipboardSync 1`] = `"<div class="clipboard-sync"><div class="clipboard-sync-header"><h3>Clipboard Sync</h3><div class="clipboard-sync-controls"><button class="toggle-button disabled">Enable</button><button class="history-button">History (0)</button></div></div><div class="clipboard-status"><div class="status-item"><span>Status: </span><span class="status-disabled">Inactive</span></div><div class="status-item"><span>Synced: 0</span></div><div class="status-item"><span>Sent: 0</span></div><div class="status-item"><span>Received: 0</span></div></div><div class="clipboard-config"><h4>Settings</h4><div class="config-row"><label><input type="checkbox" checked="">Sync Images</label></div><div class="config-row"><label><input type="checkbox" checked="">Sync HTML</label></div><div class="config-row"><label><input type="checkbox">Sync Files</label></div><div class="config-row"><label><input type="checkbox" checked="">Auto Sync</label></div></div></div>"`;
