// Vitest Snapshot v1, https://vitest.dev/guide/snapshot.html

exports[`renders ConnectionManager 1`] = `"<div class="connection-manager"><div class="connection-status"><h3>Connection Status: <span class="status-disconnected">disconnected</span></h3></div><div class="connection-controls"><button class="connect-button">Connect to Server</button></div></div>"`;
