// Vitest Snapshot v1, https://vitest.dev/guide/snapshot.html

exports[`renders FileTransfer 1`] = `"<div class="file-transfer"><div class="file-transfer-header"><h3>File Transfer</h3><div class="file-transfer-controls"><button class="send-files-button">Send Files</button><button class="history-button">History</button></div></div><div class="transfer-stats"><div class="stat-item"><span>Uploads: 0</span></div><div class="stat-item"><span>Downloads: 0</span></div><div class="stat-item"><span>Total: 0 B</span></div><div class="stat-item"><span>Queued: 0 B</span></div></div><div class="drop-zone "><div class="drop-zone-content"><div class="drop-zone-icon">📁</div><p>Drag files here or click to select</p><p class="drop-zone-hint">Files will be sent to connected peers</p></div></div><input type="file" multiple="" style="display: none;"></div>"`;
